// Jest Snapshot v1, https://goo.gl/fbAQLP

exports[`Footer should be rendered 1`] = `
<Adapter
  style={
    Object {
      "textAlign": "center",
    }
  }
>
  Dockers logger @ dmarczydlo
</Adapter>
`;
