// Jest Snapshot v1, https://goo.gl/fbAQLP

exports[`Header should be rendered 1`] = `
<Adapter
  style={
    Object {
      "background": "#fff",
      "padding": 0,
    }
  }
/>
`;
