// Jest Snapshot v1, https://goo.gl/fbAQLP

exports[`home site should be rendered 1`] = `
<div>
  <div
    className="homeBlock"
  >
    <h1>
      Dockers logger
    </h1>
    <p>
      Open source application to display information about dockers status. Multi servers are available.
    </p>
    <p>
      To add own servers you have to edit {'config.json'} file and insert own data.
    </p>
  </div>
  <div
    className="homeBlock"
  >
    <h1>
      Available servers
    </h1>
    <Row
      align="normal"
      component="div"
      debug={false}
      justify="start"
      nogutter={false}
      style={Object {}}
      xs={16}
    />
  </div>
</div>
`;
