// Jest Snapshot v1, https://goo.gl/fbAQLP

exports[`layout should be rendered 1`] = `
<EventListener
  onResize={[Function]}
  target="window"
>
  <Index
    width={3}
  />
</EventListener>
`;
